// Jest Snapshot v1, https://goo.gl/fbAQLP

exports[`Settings Screen should be styled correctly 1`] = `
<View
  style={
    Array [
      Object {
        "alignItems": "center",
        "backgroundColor": "#090932",
        "flexBasis": 0,
        "flexGrow": 1,
        "flexShrink": 1,
        "justifyContent": "space-between",
        "paddingTop": 80,
      },
    ]
  }
  testID="container"
>
  <View
    style={
      Array [
        Object {
          "width": "100%",
        },
      ]
    }
  >
    <View
      accessible={true}
      collapsable={false}
      focusable={true}
      onClick={[Function]}
      onResponderGrant={[Function]}
      onResponderMove={[Function]}
      onResponderRelease={[Function]}
      onResponderTerminate={[Function]}
      onResponderTerminationRequest={[Function]}
      onStartShouldSetResponder={[Function]}
      style={
        Object {
          "marginBottom": 8,
          "opacity": 1,
          "paddingBottom": 0,
          "paddingLeft": 24,
          "paddingRight": 24,
          "paddingTop": 0,
          "width": "100%",
        }
      }
    >
      <View
        style={
          Array [
            Object {
              "alignItems": "center",
              "flexDirection": "row",
              "justifyContent": "space-between",
              "paddingBottom": 8,
              "paddingLeft": 0,
              "paddingRight": 0,
              "paddingTop": 8,
            },
          ]
        }
        testID="screen-list"
      >
        <Text
          style={
            Array [
              Object {
                "color": "#FFFFFF",
                "fontFamily": "Manrope-Medium",
                "fontSize": 35,
              },
            ]
          }
        >
          Sobre
        </Text>
        <RNSVGSvgView
          align="xMidYMid"
          bbHeight="28"
          bbWidth="28"
          fill="#969CB2"
          focusable={false}
          height="28"
          meetOrSlice={0}
          minX={0}
          minY={0}
          style={
            Array [
              Object {
                "backgroundColor": "transparent",
                "borderWidth": 0,
              },
              Array [
                Object {},
              ],
              Object {
                "flex": 0,
                "height": 28,
                "width": 28,
              },
            ]
          }
          vbHeight={24}
          vbWidth={24}
          width="28"
          xmlns="http://www.w3.org/2000/svg"
        >
          <RNSVGGroup
            fill={4288060594}
            propList={
              Array [
                "fill",
              ]
            }
          >
            <RNSVGPath
              d="M0 0h24v24H0z"
              fill={null}
              propList={
                Array [
                  "fill",
                ]
              }
            />
            <RNSVGPath
              d="M13.172 12l-4.95-4.95 1.414-1.414L16 12l-6.364 6.364-1.414-1.414z"
            />
          </RNSVGGroup>
        </RNSVGSvgView>
      </View>
    </View>
  </View>
</View>
`;
